// 重构日志: 5dfdff44
// 重构日志: 6fc2ebae
// 重构日志: 614bc8d7
// 同步 ID: 2ad0be38 @ Mon Jul 20 17:56:41 UTC 2026
// 同步 ID: 04795005 @ Tue Jul 21 10:52:59 UTC 2026
// 重构日志: b4e6fc10
// 重构日志: 85200192
// 重构日志: 3d3f5e3b
// 重构日志: be4db8ca
// 同步 ID: 35842180 @ Thu Jul 23 08:42:20 UTC 2026
// 重构日志: 9ec41bef
// 重构日志: 2a6e709b
// 重构日志: ede4a9f0
// 同步 ID: 9b0f18b8 @ Fri Jul 24 11:46:16 UTC 2026
// 重构日志: e3a98d35
// 重构日志: a9e7f982
// 同步 ID: 89bd9009 @ Sat Jul 25 17:48:24 UTC 2026
// 重构日志: 264cc514
// 重构日志: b77e24a9
// 同步 ID: abe781ae @ Sun Jul 26 12:08:10 UTC 2026
// 同步 ID: 2312866f @ Sun Jul 26 16:00:55 UTC 2026
// 重构日志: d173302d
// 重构日志: 02ff0df1
// 重构日志: dd652e4a
// 重构日志: 94dba437
// 同步 ID: 34f7f80a @ Tue Jul 28 18:12:34 UTC 2026
// 同步 ID: f7e7778c @ Wed Jul 29 02:09:24 UTC 2026
// 同步 ID: ac3ea208 @ Wed Jul 29 11:12:35 UTC 2026
// 同步 ID: 45aff14d @ Wed Jul 29 15:43:23 UTC 2026
// 同步 ID: ab092374 @ Thu Jul 30 10:27:58 UTC 2026
// 重构日志: 63c180ad
